Component: ARM Compiler 5.06 update 3 (build 300) Tool: armlink [4d35c9]

==============================================================================

Section Cross References

    startup_rvmdk.o(RESET) refers to startup_rvmdk.o(STACK) for StackMem
    startup_rvmdk.o(RESET) refers to buttons.o(i.SysTickIntHandler) for SysTickIntHandler
    startup_rvmdk.o(RESET) refers to chuankou.o(i.UARTIntHandler) for UARTIntHandler
    startup_rvmdk.o(RESET) refers to yaogan.o(i.ADC0Sequence0Isr) for ADC0Sequence0Isr
    startup_rvmdk.o(RESET) refers to chuankou.o(i.U3Handler) for U3Handler
    startup_rvmdk.o(RESET) refers to chuankou.o(i.U6Handler) for U6Handler
    startup_rvmdk.o(RESET) refers to entry.o(.ARM.Collect$$$$00000000) for __main
    chuankou.o(i.U3Handler) refers to main.o(i.CopeSerial2Data) for CopeSerial2Data
    chuankou.o(i.U3Handler) refers to chuankou.o(.data) for .data
    chuankou.o(i.U6Handler) refers to main.o(i.headprocess) for headprocess
    chuankou.o(i.U6Handler) refers to chuankou.o(.data) for .data
    chuankou.o(i.UARTIntHandler) refers to main.o(i.instructionsget) for instructionsget
    chuankou.o(i.UARTIntHandler) refers to gpio.o(i.GPIOPinWrite) for GPIOPinWrite
    chuankou.o(i.UARTIntHandler) refers to sysctl.o(.emb_text) for SysCtlDelay
    chuankou.o(i.UARTIntHandler) refers to main.o(.data) for workstate
    chuankou.o(i.uartinit) refers to gpio.o(i.GPIOPinConfigure) for GPIOPinConfigure
    chuankou.o(i.uartinit) refers to chuankou.o(i.UARTSend) for UARTSend
    chuankou.o(i.uartinit) refers to main.o(.data) for g_ui32SysClock
    main.o(i.CopeSerial2Data) refers to main.o(.bss) for .bss
    main.o(i.CopeSerial2Data) refers to main.o(.data) for .data
    main.o(i.controltask) refers to main.o(i.getworkstate) for getworkstate
    main.o(i.controltask) refers to main.o(i.yaogancontrol) for yaogancontrol
    main.o(i.controltask) refers to main.o(i.selfadjust) for selfadjust
    main.o(i.controltask) refers to main.o(i.follow) for follow
    main.o(i.follow) refers to main.o(i.gyromove) for gyromove
    main.o(i.follow) refers to main.o(.bss) for .bss
    main.o(i.follow) refers to main.o(.data) for .data
    main.o(i.getworkstate) refers to main.o(.data) for .data
    main.o(i.getworkstate) refers to main.o(.bss) for .bss
    main.o(i.gyromove) refers to mypid.o(i.pidrealize) for pidrealize
    main.o(i.gyromove) refers to pwm.o(i.PWMPulseWidthSet) for PWMPulseWidthSet
    main.o(i.gyromove) refers to main.o(.bss) for .bss
    main.o(i.gyromove) refers to main.o(.data) for .data
    main.o(i.headprocess) refers to main.o(.bss) for .bss
    main.o(i.headprocess) refers to main.o(.data) for .data
    main.o(i.instructionsget) refers to main.o(i.passorders) for passorders
    main.o(i.instructionsget) refers to main.o(.data) for .data
    main.o(i.main) refers to sysctl.o(i.SysCtlClockFreqSet) for SysCtlClockFreqSet
    main.o(i.main) refers to duoji.o(i.pwminit) for pwminit
    main.o(i.main) refers to chuankou.o(i.uartinit) for uartinit
    main.o(i.main) refers to yaogan.o(i.adcinit) for adcinit
    main.o(i.main) refers to mypid.o(i.pidinit) for pidinit
    main.o(i.main) refers to systick.o(i.SysTickPeriodSet) for SysTickPeriodSet
    main.o(i.main) refers to systick.o(i.SysTickIntEnable) for SysTickIntEnable
    main.o(i.main) refers to systick.o(i.SysTickEnable) for SysTickEnable
    main.o(i.main) refers to buttons.o(i.ButtonsInit) for ButtonsInit
    main.o(i.main) refers to interrupt.o(i.IntEnable) for IntEnable
    main.o(i.main) refers to interrupt.o(i.IntMasterEnable) for IntMasterEnable
    main.o(i.main) refers to main.o(i.controltask) for controltask
    main.o(i.main) refers to main.o(.data) for .data
    main.o(i.main) refers to main.o(.bss) for .bss
    main.o(i.passorders) refers to main.o(i.hextodec) for hextodec
    main.o(i.passorders) refers to main.o(i.gyromove) for gyromove
    main.o(i.passorders) refers to main.o(.data) for .data
    main.o(i.passorders) refers to main.o(.bss) for .bss
    main.o(i.selfadjust) refers to main.o(i.gyromove) for gyromove
    main.o(i.selfadjust) refers to main.o(.bss) for .bss
    main.o(i.selfadjust) refers to main.o(.data) for .data
    main.o(i.yaogancontrol) refers to main.o(i.gyromove) for gyromove
    main.o(i.yaogancontrol) refers to main.o(.data) for .data
    main.o(i.yaogancontrol) refers to main.o(.bss) for .bss
    duoji.o(i.pwminit) refers to sysctl.o(i.SysCtlPeripheralEnable) for SysCtlPeripheralEnable
    duoji.o(i.pwminit) refers to gpio.o(i.GPIOPinConfigure) for GPIOPinConfigure
    duoji.o(i.pwminit) refers to gpio.o(i.GPIOPinTypePWM) for GPIOPinTypePWM
    duoji.o(i.pwminit) refers to pwm.o(i.PWMClockSet) for PWMClockSet
    duoji.o(i.pwminit) refers to pwm.o(i.PWMGenConfigure) for PWMGenConfigure
    duoji.o(i.pwminit) refers to pwm.o(i.PWMGenPeriodSet) for PWMGenPeriodSet
    duoji.o(i.pwminit) refers to pwm.o(i.PWMPulseWidthSet) for PWMPulseWidthSet
    duoji.o(i.pwminit) refers to pwm.o(i.PWMOutputState) for PWMOutputState
    duoji.o(i.pwminit) refers to pwm.o(i.PWMGenEnable) for PWMGenEnable
    yaogan.o(i.ADC0Sequence0Isr) refers to adc.o(i.ADCIntClear) for ADCIntClear
    yaogan.o(i.ADC0Sequence0Isr) refers to adc.o(i.ADCSequenceDataGet) for ADCSequenceDataGet
    yaogan.o(i.ADC0Sequence0Isr) refers to sysctl.o(.emb_text) for SysCtlDelay
    yaogan.o(i.ADC0Sequence0Isr) refers to adc.o(i.ADCProcessorTrigger) for ADCProcessorTrigger
    yaogan.o(i.ADC0Sequence0Isr) refers to main.o(.data) for pui32ADC0Value
    yaogan.o(i.adcinit) refers to sysctl.o(i.SysCtlPeripheralEnable) for SysCtlPeripheralEnable
    yaogan.o(i.adcinit) refers to gpio.o(i.GPIOPinTypeADC) for GPIOPinTypeADC
    yaogan.o(i.adcinit) refers to adc.o(i.ADCSequenceConfigure) for ADCSequenceConfigure
    yaogan.o(i.adcinit) refers to adc.o(i.ADCSequenceStepConfigure) for ADCSequenceStepConfigure
    yaogan.o(i.adcinit) refers to adc.o(i.ADCSequenceEnable) for ADCSequenceEnable
    yaogan.o(i.adcinit) refers to adc.o(i.ADCIntEnable) for ADCIntEnable
    yaogan.o(i.adcinit) refers to interrupt.o(i.IntEnable) for IntEnable
    yaogan.o(i.adcinit) refers to interrupt.o(i.IntMasterEnable) for IntMasterEnable
    yaogan.o(i.adcinit) refers to adc.o(i.ADCIntClear) for ADCIntClear
    yaogan.o(i.adcinit) refers to adc.o(i.ADCProcessorTrigger) for ADCProcessorTrigger
    yaogan.o(i.analogread) refers to adc.o(i.ADCProcessorTrigger) for ADCProcessorTrigger
    yaogan.o(i.analogread) refers to adc.o(i.ADCIntStatus) for ADCIntStatus
    yaogan.o(i.analogread) refers to adc.o(i.ADCIntClear) for ADCIntClear
    yaogan.o(i.analogread) refers to adc.o(i.ADCSequenceDataGet) for ADCSequenceDataGet
    yaogan.o(i.analogread) refers to main.o(.data) for pui32ADC0Value
    buttons.o(i.ButtonsInit) refers to gpio.o(i.GPIOPadConfigSet) for GPIOPadConfigSet
    buttons.o(i.ButtonsInit) refers to buttons.o(.data) for .data
    buttons.o(i.ButtonsPoll) refers to buttons.o(.data) for .data
    buttons.o(i.SysTickIntHandler) refers to buttons.o(i.ButtonsPoll) for ButtonsPoll
    buttons.o(i.SysTickIntHandler) refers to main.o(.data) for workstate
    buttons.o(i.SysTickIntHandler) refers to main.o(.data) for tmcount
    buttons.o(i.SysTickIntHandler) refers to main.o(.data) for stablecnt
    buttons.o(i.SysTickIntHandler) refers to main.o(.bss) for lastangle
    buttons.o(i.SysTickIntHandler) refers to main.o(.bss) for imuangle
    buttons.o(i.SysTickIntHandler) refers to main.o(.bss) for lastheadangle
    uart.o(i.UARTConfigSetExpClk) refers to uart.o(i.UARTDisable) for UARTDisable
    uart.o(i.UARTConfigSetExpClk) refers to uart.o(i.UARTEnable) for UARTEnable
    uart.o(i.UARTIntRegister) refers to uart.o(i._UARTIntNumberGet) for _UARTIntNumberGet
    uart.o(i.UARTIntRegister) refers to interrupt.o(i.IntRegister) for IntRegister
    uart.o(i.UARTIntRegister) refers to interrupt.o(i.IntEnable) for IntEnable
    uart.o(i.UARTIntUnregister) refers to uart.o(i._UARTIntNumberGet) for _UARTIntNumberGet
    uart.o(i.UARTIntUnregister) refers to interrupt.o(i.IntDisable) for IntDisable
    uart.o(i.UARTIntUnregister) refers to interrupt.o(i.IntUnregister) for IntUnregister
    uart.o(i._UARTIntNumberGet) refers to uart.o(.constdata) for .constdata
    pwm.o(i.PWMFaultIntRegister) refers to pwm.o(i._PWMFaultIntNumberGet) for _PWMFaultIntNumberGet
    pwm.o(i.PWMFaultIntRegister) refers to interrupt.o(i.IntRegister) for IntRegister
    pwm.o(i.PWMFaultIntRegister) refers to interrupt.o(i.IntEnable) for IntEnable
    pwm.o(i.PWMFaultIntUnregister) refers to pwm.o(i._PWMFaultIntNumberGet) for _PWMFaultIntNumberGet
    pwm.o(i.PWMFaultIntUnregister) refers to interrupt.o(i.IntDisable) for IntDisable
    pwm.o(i.PWMFaultIntUnregister) refers to interrupt.o(i.IntUnregister) for IntUnregister
    pwm.o(i.PWMGenIntRegister) refers to pwm.o(i._PWMGenIntNumberGet) for _PWMGenIntNumberGet
    pwm.o(i.PWMGenIntRegister) refers to interrupt.o(i.IntRegister) for IntRegister
    pwm.o(i.PWMGenIntRegister) refers to interrupt.o(i.IntEnable) for IntEnable
    pwm.o(i.PWMGenIntUnregister) refers to pwm.o(i._PWMGenIntNumberGet) for _PWMGenIntNumberGet
    pwm.o(i.PWMGenIntUnregister) refers to interrupt.o(i.IntDisable) for IntDisable
    pwm.o(i.PWMGenIntUnregister) refers to interrupt.o(i.IntUnregister) for IntUnregister
    adc.o(i.ADCIntRegister) refers to interrupt.o(i.IntRegister) for IntRegister
    adc.o(i.ADCIntRegister) refers to interrupt.o(i.IntEnable) for IntEnable
    adc.o(i.ADCIntUnregister) refers to interrupt.o(i.IntDisable) for IntDisable
    adc.o(i.ADCIntUnregister) refers to interrupt.o(i.IntUnregister) for IntUnregister
    adc.o(i.ADCSoftwareOversampleConfigure) refers to adc.o(.data) for .data
    adc.o(i.ADCSoftwareOversampleDataGet) refers to adc.o(.data) for .data
    adc.o(i.ADCSoftwareOversampleStepConfigure) refers to adc.o(.data) for .data
    gpio.o(i.GPIOIntRegister) refers to gpio.o(i._GPIOIntNumberGet) for _GPIOIntNumberGet
    gpio.o(i.GPIOIntRegister) refers to interrupt.o(i.IntRegister) for IntRegister
    gpio.o(i.GPIOIntRegister) refers to interrupt.o(i.IntEnable) for IntEnable
    gpio.o(i.GPIOIntRegisterPin) refers to gpio.o(i._GPIOIntNumberGet) for _GPIOIntNumberGet
    gpio.o(i.GPIOIntRegisterPin) refers to interrupt.o(i.IntRegister) for IntRegister
    gpio.o(i.GPIOIntRegisterPin) refers to interrupt.o(i.IntEnable) for IntEnable
    gpio.o(i.GPIOIntUnregister) refers to gpio.o(i._GPIOIntNumberGet) for _GPIOIntNumberGet
    gpio.o(i.GPIOIntUnregister) refers to interrupt.o(i.IntDisable) for IntDisable
    gpio.o(i.GPIOIntUnregister) refers to interrupt.o(i.IntUnregister) for IntUnregister
    gpio.o(i.GPIOIntUnregisterPin) refers to gpio.o(i._GPIOIntNumberGet) for _GPIOIntNumberGet
    gpio.o(i.GPIOIntUnregisterPin) refers to interrupt.o(i.IntDisable) for IntDisable
    gpio.o(i.GPIOIntUnregisterPin) refers to interrupt.o(i.IntUnregister) for IntUnregister
    gpio.o(i.GPIOPinConfigure) refers to gpio.o(.constdata) for .constdata
    gpio.o(i.GPIOPinTypeADC) refers to gpio.o(i.GPIODirModeSet) for GPIODirModeSet
    gpio.o(i.GPIOPinTypeADC) refers to gpio.o(i.GPIOPadConfigSet) for GPIOPadConfigSet
    gpio.o(i.GPIOPinTypeCAN) refers to gpio.o(i.GPIODirModeSet) for GPIODirModeSet
    gpio.o(i.GPIOPinTypeCAN) refers to gpio.o(i.GPIOPadConfigSet) for GPIOPadConfigSet
    gpio.o(i.GPIOPinTypeComparator) refers to gpio.o(i.GPIODirModeSet) for GPIODirModeSet
    gpio.o(i.GPIOPinTypeComparator) refers to gpio.o(i.GPIOPadConfigSet) for GPIOPadConfigSet
    gpio.o(i.GPIOPinTypeComparatorOutput) refers to gpio.o(i.GPIODirModeSet) for GPIODirModeSet
    gpio.o(i.GPIOPinTypeComparatorOutput) refers to gpio.o(i.GPIOPadConfigSet) for GPIOPadConfigSet
    gpio.o(i.GPIOPinTypeDIVSCLK) refers to gpio.o(i.GPIODirModeSet) for GPIODirModeSet
    gpio.o(i.GPIOPinTypeDIVSCLK) refers to gpio.o(i.GPIOPadConfigSet) for GPIOPadConfigSet
    gpio.o(i.GPIOPinTypeEPI) refers to gpio.o(i.GPIODirModeSet) for GPIODirModeSet
    gpio.o(i.GPIOPinTypeEPI) refers to gpio.o(i.GPIOPadConfigSet) for GPIOPadConfigSet
    gpio.o(i.GPIOPinTypeEthernetLED) refers to gpio.o(i.GPIODirModeSet) for GPIODirModeSet
    gpio.o(i.GPIOPinTypeEthernetLED) refers to gpio.o(i.GPIOPadConfigSet) for GPIOPadConfigSet
    gpio.o(i.GPIOPinTypeEthernetMII) refers to gpio.o(i.GPIODirModeSet) for GPIODirModeSet
    gpio.o(i.GPIOPinTypeEthernetMII) refers to gpio.o(i.GPIOPadConfigSet) for GPIOPadConfigSet
    gpio.o(i.GPIOPinTypeGPIOInput) refers to gpio.o(i.GPIODirModeSet) for GPIODirModeSet
    gpio.o(i.GPIOPinTypeGPIOInput) refers to gpio.o(i.GPIOPadConfigSet) for GPIOPadConfigSet
    gpio.o(i.GPIOPinTypeGPIOOutput) refers to gpio.o(i.GPIOPadConfigSet) for GPIOPadConfigSet
    gpio.o(i.GPIOPinTypeGPIOOutput) refers to gpio.o(i.GPIODirModeSet) for GPIODirModeSet
    gpio.o(i.GPIOPinTypeGPIOOutputOD) refers to gpio.o(i.GPIOPadConfigSet) for GPIOPadConfigSet
    gpio.o(i.GPIOPinTypeGPIOOutputOD) refers to gpio.o(i.GPIODirModeSet) for GPIODirModeSet
    gpio.o(i.GPIOPinTypeHibernateRTCCLK) refers to gpio.o(i.GPIODirModeSet) for GPIODirModeSet
    gpio.o(i.GPIOPinTypeHibernateRTCCLK) refers to gpio.o(i.GPIOPadConfigSet) for GPIOPadConfigSet
    gpio.o(i.GPIOPinTypeI2C) refers to gpio.o(i.GPIODirModeSet) for GPIODirModeSet
    gpio.o(i.GPIOPinTypeI2C) refers to gpio.o(i.GPIOPadConfigSet) for GPIOPadConfigSet
    gpio.o(i.GPIOPinTypeI2CSCL) refers to gpio.o(i.GPIODirModeSet) for GPIODirModeSet
    gpio.o(i.GPIOPinTypeI2CSCL) refers to gpio.o(i.GPIOPadConfigSet) for GPIOPadConfigSet
    gpio.o(i.GPIOPinTypeLCD) refers to gpio.o(i.GPIODirModeSet) for GPIODirModeSet
    gpio.o(i.GPIOPinTypeLCD) refers to gpio.o(i.GPIOPadConfigSet) for GPIOPadConfigSet
    gpio.o(i.GPIOPinTypeOneWire) refers to gpio.o(i.GPIODirModeSet) for GPIODirModeSet
    gpio.o(i.GPIOPinTypeOneWire) refers to gpio.o(i.GPIOPadConfigSet) for GPIOPadConfigSet
    gpio.o(i.GPIOPinTypePWM) refers to gpio.o(i.GPIODirModeSet) for GPIODirModeSet
    gpio.o(i.GPIOPinTypePWM) refers to gpio.o(i.GPIOPadConfigSet) for GPIOPadConfigSet
    gpio.o(i.GPIOPinTypeQEI) refers to gpio.o(i.GPIODirModeSet) for GPIODirModeSet
    gpio.o(i.GPIOPinTypeQEI) refers to gpio.o(i.GPIOPadConfigSet) for GPIOPadConfigSet
    gpio.o(i.GPIOPinTypeSSI) refers to gpio.o(i.GPIODirModeSet) for GPIODirModeSet
    gpio.o(i.GPIOPinTypeSSI) refers to gpio.o(i.GPIOPadConfigSet) for GPIOPadConfigSet
    gpio.o(i.GPIOPinTypeTimer) refers to gpio.o(i.GPIODirModeSet) for GPIODirModeSet
    gpio.o(i.GPIOPinTypeTimer) refers to gpio.o(i.GPIOPadConfigSet) for GPIOPadConfigSet
    gpio.o(i.GPIOPinTypeTrace) refers to gpio.o(i.GPIODirModeSet) for GPIODirModeSet
    gpio.o(i.GPIOPinTypeTrace) refers to gpio.o(i.GPIOPadConfigSet) for GPIOPadConfigSet
    gpio.o(i.GPIOPinTypeUART) refers to gpio.o(i.GPIODirModeSet) for GPIODirModeSet
    gpio.o(i.GPIOPinTypeUART) refers to gpio.o(i.GPIOPadConfigSet) for GPIOPadConfigSet
    gpio.o(i.GPIOPinTypeUSBAnalog) refers to gpio.o(i.GPIODirModeSet) for GPIODirModeSet
    gpio.o(i.GPIOPinTypeUSBAnalog) refers to gpio.o(i.GPIOPadConfigSet) for GPIOPadConfigSet
    gpio.o(i.GPIOPinTypeUSBDigital) refers to gpio.o(i.GPIODirModeSet) for GPIODirModeSet
    gpio.o(i.GPIOPinTypeUSBDigital) refers to gpio.o(i.GPIOPadConfigSet) for GPIOPadConfigSet
    gpio.o(i.GPIOPinTypeWakeHigh) refers to gpio.o(i.GPIODirModeSet) for GPIODirModeSet
    gpio.o(i.GPIOPinTypeWakeHigh) refers to gpio.o(i.GPIOPadConfigSet) for GPIOPadConfigSet
    gpio.o(i.GPIOPinTypeWakeLow) refers to gpio.o(i.GPIODirModeSet) for GPIODirModeSet
    gpio.o(i.GPIOPinTypeWakeLow) refers to gpio.o(i.GPIOPadConfigSet) for GPIOPadConfigSet
    gpio.o(i._GPIOIntNumberGet) refers to gpio.o(.constdata) for .constdata
    interrupt.o(i.IntDisable) refers to interrupt.o(.constdata) for .constdata
    interrupt.o(i.IntEnable) refers to interrupt.o(.constdata) for .constdata
    interrupt.o(i.IntIsEnabled) refers to interrupt.o(.constdata) for .constdata
    interrupt.o(i.IntMasterDisable) refers to cpu.o(.emb_text) for CPUcpsid
    interrupt.o(i.IntMasterEnable) refers to cpu.o(.emb_text) for CPUcpsie
    interrupt.o(i.IntPendClear) refers to interrupt.o(.constdata) for .constdata
    interrupt.o(i.IntPendSet) refers to interrupt.o(.constdata) for .constdata
    interrupt.o(i.IntPriorityGet) refers to interrupt.o(.constdata) for .constdata
    interrupt.o(i.IntPriorityGroupingGet) refers to interrupt.o(.constdata) for .constdata
    interrupt.o(i.IntPriorityGroupingSet) refers to interrupt.o(.constdata) for .constdata
    interrupt.o(i.IntPriorityMaskGet) refers to cpu.o(.emb_text) for CPUbasepriGet
    interrupt.o(i.IntPriorityMaskSet) refers to cpu.o(.emb_text) for CPUbasepriSet
    interrupt.o(i.IntPrioritySet) refers to interrupt.o(.constdata) for .constdata
    interrupt.o(i.IntRegister) refers to interrupt.o(vtable) for vtable
    interrupt.o(i.IntUnregister) refers to interrupt.o(i._IntDefaultHandler) for _IntDefaultHandler
    interrupt.o(i.IntUnregister) refers to interrupt.o(vtable) for vtable
    sysctl.o(i.SysCtlClockFreqSet) refers to sysctl.o(.constdata) for .constdata
    sysctl.o(i.SysCtlClockGet) refers to sysctl.o(.constdata) for .constdata
    sysctl.o(i.SysCtlClockSet) refers to sysctl.o(.emb_text) for SysCtlDelay
    sysctl.o(i.SysCtlDeepSleep) refers to cpu.o(.emb_text) for CPUwfi
    sysctl.o(i.SysCtlIntRegister) refers to interrupt.o(i.IntRegister) for IntRegister
    sysctl.o(i.SysCtlIntRegister) refers to interrupt.o(i.IntEnable) for IntEnable
    sysctl.o(i.SysCtlIntUnregister) refers to interrupt.o(i.IntDisable) for IntDisable
    sysctl.o(i.SysCtlIntUnregister) refers to interrupt.o(i.IntUnregister) for IntUnregister
    sysctl.o(i.SysCtlSleep) refers to cpu.o(.emb_text) for CPUwfi
    sysctl.o(i.SysCtlVCOGet) refers to sysctl.o(.constdata) for .constdata
    systick.o(i.SysTickIntRegister) refers to interrupt.o(i.IntRegister) for IntRegister
    systick.o(i.SysTickIntUnregister) refers to interrupt.o(i.IntUnregister) for IntUnregister
    entry.o(.ARM.Collect$$$$00000000) refers (Special) to entry10a.o(.ARM.Collect$$$$0000000D) for __rt_final_cpp
    entry.o(.ARM.Collect$$$$00000000) refers (Special) to entry11a.o(.ARM.Collect$$$$0000000F) for __rt_final_exit
    entry.o(.ARM.Collect$$$$00000000) refers (Special) to entry7b.o(.ARM.Collect$$$$00000008) for _main_clock
    entry.o(.ARM.Collect$$$$00000000) refers (Special) to entry8b.o(.ARM.Collect$$$$0000000A) for _main_cpp_init
    entry.o(.ARM.Collect$$$$00000000) refers (Special) to entry9a.o(.ARM.Collect$$$$0000000B) for _main_init
    entry.o(.ARM.Collect$$$$00000000) refers (Special) to entry5.o(.ARM.Collect$$$$00000004) for _main_scatterload
    entry.o(.ARM.Collect$$$$00000000) refers (Special) to entry2.o(.ARM.Collect$$$$00000001) for _main_stk
    entry2.o(.ARM.Collect$$$$00000001) refers to entry2.o(.ARM.Collect$$$$00002712) for __lit__00000000
    entry2.o(.ARM.Collect$$$$00002712) refers to startup_rvmdk.o(STACK) for __initial_sp
    entry2.o(__vectab_stack_and_reset_area) refers to startup_rvmdk.o(STACK) for __initial_sp
    entry2.o(__vectab_stack_and_reset_area) refers to entry.o(.ARM.Collect$$$$00000000) for __main
    entry5.o(.ARM.Collect$$$$00000004) refers to init.o(.text) for __scatterload
    entry9a.o(.ARM.Collect$$$$0000000B) refers to main.o(i.main) for main
    entry9b.o(.ARM.Collect$$$$0000000C) refers to main.o(i.main) for main
    init.o(.text) refers to entry5.o(.ARM.Collect$$$$00000004) for __main_after_scatterload


==============================================================================

Removing Unused input sections from the image.

    Removing startup_rvmdk.o(HEAP), (0 bytes).
    Removing startup_rvmdk.o(.text), (0 bytes).
    Removing chuankou.o(.data), (4 bytes).
    Removing main.o(.bss), (12 bytes).
    Removing main.o(.bss), (16 bytes).
    Removing main.o(.bss), (16 bytes).
    Removing main.o(.data), (4 bytes).
    Removing main.o(.data), (4 bytes).
    Removing main.o(.data), (4 bytes).
    Removing main.o(.data), (4 bytes).
    Removing main.o(.data), (8 bytes).
    Removing yaogan.o(i.analogread), (64 bytes).
    Removing buttons.o(.data), (4 bytes).
    Removing buttons.o(.data), (4 bytes).
    Removing ramp.o(i.rampcalc), (8 bytes).
    Removing ramp.o(i.rampresetcounter), (2 bytes).
    Removing ramp.o(i.rampsetscale), (2 bytes).
    Removing uart.o(i.UART9BitAddrSend), (38 bytes).
    Removing uart.o(i.UART9BitAddrSet), (8 bytes).
    Removing uart.o(i.UART9BitDisable), (12 bytes).
    Removing uart.o(i.UART9BitEnable), (12 bytes).
    Removing uart.o(i.UARTBreakCtl), (20 bytes).
    Removing uart.o(i.UARTBusy), (8 bytes).
    Removing uart.o(i.UARTCharGet), (10 bytes).
    Removing uart.o(i.UARTCharGetNonBlocking), (16 bytes).
    Removing uart.o(i.UARTCharPut), (10 bytes).
    Removing uart.o(i.UARTCharPutNonBlocking), (16 bytes).
    Removing uart.o(i.UARTCharsAvail), (10 bytes).
    Removing uart.o(i.UARTClockSourceGet), (6 bytes).
    Removing uart.o(i.UARTClockSourceSet), (6 bytes).
    Removing uart.o(i.UARTConfigGetExpClk), (38 bytes).
    Removing uart.o(i.UARTConfigSetExpClk), (72 bytes).
    Removing uart.o(i.UARTDMADisable), (8 bytes).
    Removing uart.o(i.UARTDMAEnable), (8 bytes).
    Removing uart.o(i.UARTDisable), (26 bytes).
    Removing uart.o(i.UARTDisableSIR), (10 bytes).
    Removing uart.o(i.UARTEnable), (20 bytes).
    Removing uart.o(i.UARTEnableSIR), (20 bytes).
    Removing uart.o(i.UARTFIFODisable), (10 bytes).
    Removing uart.o(i.UARTFIFOEnable), (10 bytes).
    Removing uart.o(i.UARTFIFOLevelGet), (16 bytes).
    Removing uart.o(i.UARTFIFOLevelSet), (6 bytes).
    Removing uart.o(i.UARTFlowControlGet), (8 bytes).
    Removing uart.o(i.UARTFlowControlSet), (12 bytes).
    Removing uart.o(i.UARTIntClear), (4 bytes).
    Removing uart.o(i.UARTIntDisable), (8 bytes).
    Removing uart.o(i.UARTIntEnable), (8 bytes).
    Removing uart.o(i.UARTIntRegister), (26 bytes).
    Removing uart.o(i.UARTIntStatus), (10 bytes).
    Removing uart.o(i.UARTIntUnregister), (22 bytes).
    Removing uart.o(i.UARTLoopbackEnable), (10 bytes).
    Removing uart.o(i.UARTModemControlClear), (12 bytes).
    Removing uart.o(i.UARTModemControlGet), (8 bytes).
    Removing uart.o(i.UARTModemControlSet), (12 bytes).
    Removing uart.o(i.UARTModemStatusGet), (10 bytes).
    Removing uart.o(i.UARTParityModeGet), (8 bytes).
    Removing uart.o(i.UARTParityModeSet), (12 bytes).
    Removing uart.o(i.UARTRxErrorClear), (6 bytes).
    Removing uart.o(i.UARTRxErrorGet), (8 bytes).
    Removing uart.o(i.UARTSmartCardDisable), (10 bytes).
    Removing uart.o(i.UARTSmartCardEnable), (22 bytes).
    Removing uart.o(i.UARTSpaceAvail), (10 bytes).
    Removing uart.o(i.UARTTxIntModeGet), (8 bytes).
    Removing uart.o(i.UARTTxIntModeSet), (12 bytes).
    Removing uart.o(i._UARTIntNumberGet), (68 bytes).
    Removing uart.o(.constdata), (128 bytes).
    Removing pwm.o(i.PWMClockGet), (24 bytes).
    Removing pwm.o(i.PWMDeadBandDisable), (12 bytes).
    Removing pwm.o(i.PWMDeadBandEnable), (16 bytes).
    Removing pwm.o(i.PWMFaultIntClear), (8 bytes).
    Removing pwm.o(i.PWMFaultIntClearExt), (4 bytes).
    Removing pwm.o(i.PWMFaultIntRegister), (26 bytes).
    Removing pwm.o(i.PWMFaultIntUnregister), (22 bytes).
    Removing pwm.o(i.PWMGenDisable), (10 bytes).
    Removing pwm.o(i.PWMGenFaultClear), (18 bytes).
    Removing pwm.o(i.PWMGenFaultConfigure), (16 bytes).
    Removing pwm.o(i.PWMGenFaultStatus), (18 bytes).
    Removing pwm.o(i.PWMGenFaultTriggerGet), (12 bytes).
    Removing pwm.o(i.PWMGenFaultTriggerSet), (12 bytes).
    Removing pwm.o(i.PWMGenIntClear), (6 bytes).
    Removing pwm.o(i.PWMGenIntRegister), (26 bytes).
    Removing pwm.o(i.PWMGenIntStatus), (12 bytes).
    Removing pwm.o(i.PWMGenIntTrigDisable), (10 bytes).
    Removing pwm.o(i.PWMGenIntTrigEnable), (10 bytes).
    Removing pwm.o(i.PWMGenIntUnregister), (22 bytes).
    Removing pwm.o(i.PWMGenPeriodGet), (18 bytes).
    Removing pwm.o(i.PWMIntDisable), (8 bytes).
    Removing pwm.o(i.PWMIntEnable), (8 bytes).
    Removing pwm.o(i.PWMIntStatus), (10 bytes).
    Removing pwm.o(i.PWMOutputFault), (16 bytes).
    Removing pwm.o(i.PWMOutputFaultLevel), (16 bytes).
    Removing pwm.o(i.PWMOutputInvert), (16 bytes).
    Removing pwm.o(i.PWMOutputUpdateMode), (52 bytes).
    Removing pwm.o(i.PWMPulseWidthGet), (30 bytes).
    Removing pwm.o(i.PWMSyncTimeBase), (4 bytes).
    Removing pwm.o(i.PWMSyncUpdate), (4 bytes).
    Removing pwm.o(i._PWMFaultIntNumberGet), (68 bytes).
    Removing pwm.o(i._PWMGenIntNumberGet), (188 bytes).
    Removing adc.o(i.ADCBusy), (8 bytes).
    Removing adc.o(i.ADCClockConfigGet), (32 bytes).
    Removing adc.o(i.ADCClockConfigSet), (28 bytes).
    Removing adc.o(i.ADCComparatorConfigure), (10 bytes).
    Removing adc.o(i.ADCComparatorIntClear), (4 bytes).
    Removing adc.o(i.ADCComparatorIntDisable), (18 bytes).
    Removing adc.o(i.ADCComparatorIntEnable), (16 bytes).
    Removing adc.o(i.ADCComparatorIntStatus), (4 bytes).
    Removing adc.o(i.ADCComparatorRegionSet), (14 bytes).
    Removing adc.o(i.ADCComparatorReset), (40 bytes).
    Removing adc.o(i.ADCHardwareOversampleConfigure), (18 bytes).
    Removing adc.o(i.ADCIntClearEx), (4 bytes).
    Removing adc.o(i.ADCIntDisable), (16 bytes).
    Removing adc.o(i.ADCIntDisableEx), (10 bytes).
    Removing adc.o(i.ADCIntEnableEx), (8 bytes).
    Removing adc.o(i.ADCIntRegister), (104 bytes).
    Removing adc.o(i.ADCIntStatus), (52 bytes).
    Removing adc.o(i.ADCIntStatusEx), (22 bytes).
    Removing adc.o(i.ADCIntUnregister), (108 bytes).
    Removing adc.o(i.ADCPhaseDelayGet), (4 bytes).
    Removing adc.o(i.ADCPhaseDelaySet), (4 bytes).
    Removing adc.o(i.ADCReferenceGet), (8 bytes).
    Removing adc.o(i.ADCReferenceSet), (12 bytes).
    Removing adc.o(i.ADCSequenceDMADisable), (18 bytes).
    Removing adc.o(i.ADCSequenceDMAEnable), (16 bytes).
    Removing adc.o(i.ADCSequenceDisable), (16 bytes).
    Removing adc.o(i.ADCSequenceOverflow), (12 bytes).
    Removing adc.o(i.ADCSequenceOverflowClear), (10 bytes).
    Removing adc.o(i.ADCSequenceUnderflow), (12 bytes).
    Removing adc.o(i.ADCSequenceUnderflowClear), (10 bytes).
    Removing adc.o(i.ADCSoftwareOversampleConfigure), (44 bytes).
    Removing adc.o(i.ADCSoftwareOversampleDataGet), (88 bytes).
    Removing adc.o(i.ADCSoftwareOversampleStepConfigure), (168 bytes).
    Removing adc.o(.data), (6 bytes).
    Removing gpio.o(i.GPIOADCTriggerDisable), (14 bytes).
    Removing gpio.o(i.GPIOADCTriggerEnable), (12 bytes).
    Removing gpio.o(i.GPIODMATriggerDisable), (14 bytes).
    Removing gpio.o(i.GPIODMATriggerEnable), (12 bytes).
    Removing gpio.o(i.GPIODirModeGet), (34 bytes).
    Removing gpio.o(i.GPIOIntClear), (6 bytes).
    Removing gpio.o(i.GPIOIntDisable), (14 bytes).
    Removing gpio.o(i.GPIOIntEnable), (12 bytes).
    Removing gpio.o(i.GPIOIntRegister), (26 bytes).
    Removing gpio.o(i.GPIOIntRegisterPin), (30 bytes).
    Removing gpio.o(i.GPIOIntStatus), (14 bytes).
    Removing gpio.o(i.GPIOIntTypeGet), (68 bytes).
    Removing gpio.o(i.GPIOIntTypeSet), (80 bytes).
    Removing gpio.o(i.GPIOIntUnregister), (22 bytes).
    Removing gpio.o(i.GPIOIntUnregisterPin), (26 bytes).
    Removing gpio.o(i.GPIOPadConfigGet), (204 bytes).
    Removing gpio.o(i.GPIOPinRead), (6 bytes).
    Removing gpio.o(i.GPIOPinTypeCAN), (28 bytes).
    Removing gpio.o(i.GPIOPinTypeComparator), (28 bytes).
    Removing gpio.o(i.GPIOPinTypeComparatorOutput), (28 bytes).
    Removing gpio.o(i.GPIOPinTypeDIVSCLK), (28 bytes).
    Removing gpio.o(i.GPIOPinTypeEPI), (28 bytes).
    Removing gpio.o(i.GPIOPinTypeEthernetLED), (28 bytes).
    Removing gpio.o(i.GPIOPinTypeEthernetMII), (28 bytes).
    Removing gpio.o(i.GPIOPinTypeGPIOInput), (28 bytes).
    Removing gpio.o(i.GPIOPinTypeGPIOOutput), (28 bytes).
    Removing gpio.o(i.GPIOPinTypeGPIOOutputOD), (28 bytes).
    Removing gpio.o(i.GPIOPinTypeHibernateRTCCLK), (28 bytes).
    Removing gpio.o(i.GPIOPinTypeI2C), (28 bytes).
    Removing gpio.o(i.GPIOPinTypeI2CSCL), (28 bytes).
    Removing gpio.o(i.GPIOPinTypeLCD), (28 bytes).
    Removing gpio.o(i.GPIOPinTypeOneWire), (28 bytes).
    Removing gpio.o(i.GPIOPinTypeQEI), (28 bytes).
    Removing gpio.o(i.GPIOPinTypeSSI), (28 bytes).
    Removing gpio.o(i.GPIOPinTypeTimer), (28 bytes).
    Removing gpio.o(i.GPIOPinTypeTrace), (28 bytes).
    Removing gpio.o(i.GPIOPinTypeUART), (28 bytes).
    Removing gpio.o(i.GPIOPinTypeUSBAnalog), (28 bytes).
    Removing gpio.o(i.GPIOPinTypeUSBDigital), (28 bytes).
    Removing gpio.o(i.GPIOPinTypeWakeHigh), (30 bytes).
    Removing gpio.o(i.GPIOPinTypeWakeLow), (30 bytes).
    Removing gpio.o(i.GPIOPinWakeStatus), (6 bytes).
    Removing gpio.o(i._GPIOIntNumberGet), (80 bytes).
    Removing interrupt.o(i.IntDisable), (100 bytes).
    Removing interrupt.o(i.IntIsEnabled), (96 bytes).
    Removing interrupt.o(i.IntMasterDisable), (14 bytes).
    Removing interrupt.o(i.IntPendClear), (68 bytes).
    Removing interrupt.o(i.IntPendSet), (84 bytes).
    Removing interrupt.o(i.IntPriorityGet), (28 bytes).
    Removing interrupt.o(i.IntPriorityGroupingGet), (36 bytes).
    Removing interrupt.o(i.IntPriorityGroupingSet), (28 bytes).
    Removing interrupt.o(i.IntPriorityMaskGet), (4 bytes).
    Removing interrupt.o(i.IntPriorityMaskSet), (4 bytes).
    Removing interrupt.o(i.IntPrioritySet), (40 bytes).
    Removing interrupt.o(i.IntRegister), (52 bytes).
    Removing interrupt.o(i.IntTrigger), (12 bytes).
    Removing interrupt.o(i.IntUnregister), (20 bytes).
    Removing interrupt.o(i._IntDefaultHandler), (2 bytes).
    Removing interrupt.o(vtable), (620 bytes).
    Removing sysctl.o(i.SysCtlAltClkConfig), (12 bytes).
    Removing sysctl.o(i.SysCtlClockGet), (340 bytes).
    Removing sysctl.o(i.SysCtlClockOutConfig), (20 bytes).
    Removing sysctl.o(i.SysCtlClockSet), (288 bytes).
    Removing sysctl.o(i.SysCtlDeepSleep), (32 bytes).
    Removing sysctl.o(i.SysCtlDeepSleepClockConfigSet), (112 bytes).
    Removing sysctl.o(i.SysCtlDeepSleepClockSet), (12 bytes).
    Removing sysctl.o(i.SysCtlDeepSleepPowerSet), (12 bytes).
    Removing sysctl.o(i.SysCtlFlashSectorSizeGet), (56 bytes).
    Removing sysctl.o(i.SysCtlFlashSizeGet), (56 bytes).
    Removing sysctl.o(i.SysCtlGPIOAHBDisable), (28 bytes).
    Removing sysctl.o(i.SysCtlGPIOAHBEnable), (24 bytes).
    Removing sysctl.o(i.SysCtlIntClear), (12 bytes).
    Removing sysctl.o(i.SysCtlIntDisable), (16 bytes).
    Removing sysctl.o(i.SysCtlIntEnable), (16 bytes).
    Removing sysctl.o(i.SysCtlIntRegister), (20 bytes).
    Removing sysctl.o(i.SysCtlIntStatus), (16 bytes).
    Removing sysctl.o(i.SysCtlIntUnregister), (18 bytes).
    Removing sysctl.o(i.SysCtlLDODeepSleepGet), (12 bytes).
    Removing sysctl.o(i.SysCtlLDODeepSleepSet), (12 bytes).
    Removing sysctl.o(i.SysCtlLDOSleepGet), (12 bytes).
    Removing sysctl.o(i.SysCtlLDOSleepSet), (12 bytes).
    Removing sysctl.o(i.SysCtlMOSCConfigSet), (12 bytes).
    Removing sysctl.o(i.SysCtlNMIClear), (16 bytes).
    Removing sysctl.o(i.SysCtlNMIStatus), (12 bytes).
    Removing sysctl.o(i.SysCtlPIOSCCalibrate), (76 bytes).
    Removing sysctl.o(i.SysCtlPWMClockGet), (24 bytes).
    Removing sysctl.o(i.SysCtlPWMClockSet), (20 bytes).
    Removing sysctl.o(i.SysCtlPeripheralClockGating), (68 bytes).
    Removing sysctl.o(i.SysCtlPeripheralDeepSleepDisable), (40 bytes).
    Removing sysctl.o(i.SysCtlPeripheralDeepSleepEnable), (40 bytes).
    Removing sysctl.o(i.SysCtlPeripheralDisable), (40 bytes).
    Removing sysctl.o(i.SysCtlPeripheralPowerOff), (40 bytes).
    Removing sysctl.o(i.SysCtlPeripheralPowerOn), (40 bytes).
    Removing sysctl.o(i.SysCtlPeripheralPresent), (44 bytes).
    Removing sysctl.o(i.SysCtlPeripheralReady), (44 bytes).
    Removing sysctl.o(i.SysCtlPeripheralReset), (60 bytes).
    Removing sysctl.o(i.SysCtlPeripheralSleepDisable), (40 bytes).
    Removing sysctl.o(i.SysCtlPeripheralSleepEnable), (40 bytes).
    Removing sysctl.o(i.SysCtlReset), (16 bytes).
    Removing sysctl.o(i.SysCtlResetBehaviorGet), (12 bytes).
    Removing sysctl.o(i.SysCtlResetBehaviorSet), (12 bytes).
    Removing sysctl.o(i.SysCtlResetCauseClear), (16 bytes).
    Removing sysctl.o(i.SysCtlResetCauseGet), (12 bytes).
    Removing sysctl.o(i.SysCtlSRAMSizeGet), (16 bytes).
    Removing sysctl.o(i.SysCtlSleep), (4 bytes).
    Removing sysctl.o(i.SysCtlSleepPowerSet), (12 bytes).
    Removing sysctl.o(i.SysCtlUSBPLLDisable), (16 bytes).
    Removing sysctl.o(i.SysCtlUSBPLLEnable), (16 bytes).
    Removing sysctl.o(i.SysCtlVCOGet), (120 bytes).
    Removing sysctl.o(i.SysCtlVoltageEventClear), (16 bytes).
    Removing sysctl.o(i.SysCtlVoltageEventConfig), (12 bytes).
    Removing sysctl.o(i.SysCtlVoltageEventStatus), (12 bytes).
    Removing systick.o(i.SysTickDisable), (14 bytes).
    Removing systick.o(i.SysTickIntDisable), (14 bytes).
    Removing systick.o(i.SysTickIntRegister), (24 bytes).
    Removing systick.o(i.SysTickIntUnregister), (18 bytes).
    Removing systick.o(i.SysTickPeriodGet), (10 bytes).
    Removing systick.o(i.SysTickValueGet), (8 bytes).

250 unused section(s) (total 7418 bytes) removed from the image.

==============================================================================

Image Symbol Table

    Local Symbols

    Symbol Name                              Value     Ov Type        Size  Object(Section)

    RESET                                    0x00000000   Section      540  startup_rvmdk.o(RESET)
    ../clib/microlib/init/entry.s            0x00000000   Number         0  entry9b.o ABSOLUTE
    ../clib/microlib/init/entry.s            0x00000000   Number         0  entry10b.o ABSOLUTE
    ../clib/microlib/init/entry.s            0x00000000   Number         0  entry10a.o ABSOLUTE
    ../clib/microlib/init/entry.s            0x00000000   Number         0  entry2.o ABSOLUTE
    ../clib/microlib/init/entry.s            0x00000000   Number         0  entry5.o ABSOLUTE
    ../clib/microlib/init/entry.s            0x00000000   Number         0  entry9a.o ABSOLUTE
    ../clib/microlib/init/entry.s            0x00000000   Number         0  entry7a.o ABSOLUTE
    ../clib/microlib/init/entry.s            0x00000000   Number         0  entry.o ABSOLUTE
    ../clib/microlib/init/entry.s            0x00000000   Number         0  entry7b.o ABSOLUTE
    ../clib/microlib/init/entry.s            0x00000000   Number         0  entry8b.o ABSOLUTE
    ../clib/microlib/init/entry.s            0x00000000   Number         0  entry8a.o ABSOLUTE
    ../clib/microlib/init/entry.s            0x00000000   Number         0  entry11a.o ABSOLUTE
    ../clib/microlib/init/entry.s            0x00000000   Number         0  entry11b.o ABSOLUTE
    adc.c                                    0x00000000   Number         0  adc.o ABSOLUTE
    buttons.c                                0x00000000   Number         0  buttons.o ABSOLUTE
    chuankou.c                               0x00000000   Number         0  chuankou.o ABSOLUTE
    cpu.c                                    0x00000000   Number         0  cpu.o ABSOLUTE
    cpu.c                                    0x00000000   Number         0  cpu.o ABSOLUTE
    dc.s                                     0x00000000   Number         0  dc.o ABSOLUTE
    driverlib\pwm.c                          0x00000000   Number         0  pwm.o ABSOLUTE
    driverlib\uart.c                         0x00000000   Number         0  uart.o ABSOLUTE
    duoji.c                                  0x00000000   Number         0  duoji.o ABSOLUTE
    gpio.c                                   0x00000000   Number         0  gpio.o ABSOLUTE
    handlers.s                               0x00000000   Number         0  handlers.o ABSOLUTE
    init.s                                   0x00000000   Number         0  init.o ABSOLUTE
    interrupt.c                              0x00000000   Number         0  interrupt.o ABSOLUTE
    main.c                                   0x00000000   Number         0  main.o ABSOLUTE
    mypid.c                                  0x00000000   Number         0  mypid.o ABSOLUTE
    ramp.c                                   0x00000000   Number         0  ramp.o ABSOLUTE
    startup_rvmdk.S                          0x00000000   Number         0  startup_rvmdk.o ABSOLUTE
    sysctl.c                                 0x00000000   Number         0  sysctl.o ABSOLUTE
    sysctl.c                                 0x00000000   Number         0  sysctl.o ABSOLUTE
    systick.c                                0x00000000   Number         0  systick.o ABSOLUTE
    yaogan.c                                 0x00000000   Number         0  yaogan.o ABSOLUTE
    $v0                                      0x00000200   Number         0  startup_rvmdk.o(RESET)
    NmiSR                                    0x00000215   Thumb Code     0  startup_rvmdk.o(RESET)
    FaultISR                                 0x00000217   Thumb Code     0  startup_rvmdk.o(RESET)
    IntDefaultHandler                        0x00000219   Thumb Code     0  startup_rvmdk.o(RESET)
    .ARM.Collect$$$$00000000                 0x0000021c   Section        0  entry.o(.ARM.Collect$$$$00000000)
    .ARM.Collect$$$$00000001                 0x0000021c   Section        4  entry2.o(.ARM.Collect$$$$00000001)
    .ARM.Collect$$$$00000004                 0x00000220   Section        4  entry5.o(.ARM.Collect$$$$00000004)
    .ARM.Collect$$$$00000008                 0x00000224   Section        0  entry7b.o(.ARM.Collect$$$$00000008)
    .ARM.Collect$$$$0000000A                 0x00000224   Section        0  entry8b.o(.ARM.Collect$$$$0000000A)
    .ARM.Collect$$$$0000000B                 0x00000224   Section        8  entry9a.o(.ARM.Collect$$$$0000000B)
    .ARM.Collect$$$$0000000D                 0x0000022c   Section        0  entry10a.o(.ARM.Collect$$$$0000000D)
    .ARM.Collect$$$$0000000F                 0x0000022c   Section        0  entry11a.o(.ARM.Collect$$$$0000000F)
    .ARM.Collect$$$$00002712                 0x0000022c   Section        4  entry2.o(.ARM.Collect$$$$00002712)
    __lit__00000000                          0x0000022c   Data           4  entry2.o(.ARM.Collect$$$$00002712)
    .emb_text                                0x00000230   Section        6  sysctl.o(.emb_text)
    $v0                                      0x00000230   Number         0  sysctl.o(.emb_text)
    .emb_text                                0x00000238   Section       38  cpu.o(.emb_text)
    $v0                                      0x00000238   Number         0  cpu.o(.emb_text)
    .text                                    0x00000260   Section       36  init.o(.text)
    i.ADC0Sequence0Isr                       0x00000284   Section        0  yaogan.o(i.ADC0Sequence0Isr)
    i.ADCIntClear                            0x000002b4   Section        0  adc.o(i.ADCIntClear)
    i.ADCIntEnable                           0x000002be   Section        0  adc.o(i.ADCIntEnable)
    i.ADCProcessorTrigger                    0x000002ce   Section        0  adc.o(i.ADCProcessorTrigger)
    i.ADCSequenceConfigure                   0x000002e8   Section        0  adc.o(i.ADCSequenceConfigure)
    i.ADCSequenceDataGet                     0x00000348   Section        0  adc.o(i.ADCSequenceDataGet)
    i.ADCSequenceEnable                      0x0000036c   Section        0  adc.o(i.ADCSequenceEnable)
    i.ADCSequenceStepConfigure               0x0000037a   Section        0  adc.o(i.ADCSequenceStepConfigure)
    i.ButtonsInit                            0x00000414   Section        0  buttons.o(i.ButtonsInit)
    i.ButtonsPoll                            0x00000474   Section        0  buttons.o(i.ButtonsPoll)
    i.CopeSerial2Data                        0x000004cc   Section        0  main.o(i.CopeSerial2Data)
    i.GPIODirModeSet                         0x0000069c   Section        0  gpio.o(i.GPIODirModeSet)
    i.GPIOPadConfigSet                       0x000006c4   Section        0  gpio.o(i.GPIOPadConfigSet)
    i.GPIOPinConfigure                       0x000007fc   Section        0  gpio.o(i.GPIOPinConfigure)
    i.GPIOPinTypeADC                         0x00000840   Section        0  gpio.o(i.GPIOPinTypeADC)
    i.GPIOPinTypePWM                         0x0000085c   Section        0  gpio.o(i.GPIOPinTypePWM)
    i.GPIOPinWrite                           0x00000878   Section        0  gpio.o(i.GPIOPinWrite)
    i.IntEnable                              0x00000880   Section        0  interrupt.o(i.IntEnable)
    i.IntMasterEnable                        0x000008e4   Section        0  interrupt.o(i.IntMasterEnable)
    i.PWMClockSet                            0x000008f2   Section        0  pwm.o(i.PWMClockSet)
    i.PWMGenConfigure                        0x00000904   Section        0  pwm.o(i.PWMGenConfigure)
    i.PWMGenEnable                           0x0000092c   Section        0  pwm.o(i.PWMGenEnable)
    i.PWMGenPeriodSet                        0x00000936   Section        0  pwm.o(i.PWMGenPeriodSet)
    i.PWMOutputState                         0x0000094a   Section        0  pwm.o(i.PWMOutputState)
    i.PWMPulseWidthSet                       0x0000095a   Section        0  pwm.o(i.PWMPulseWidthSet)
    i.SysCtlClockFreqSet                     0x00000978   Section        0  sysctl.o(i.SysCtlClockFreqSet)
    i.SysCtlPeripheralEnable                 0x00000c5c   Section        0  sysctl.o(i.SysCtlPeripheralEnable)
    i.SysTickEnable                          0x00000c84   Section        0  systick.o(i.SysTickEnable)
    i.SysTickIntEnable                       0x00000c92   Section        0  systick.o(i.SysTickIntEnable)
    i.SysTickIntHandler                      0x00000ca0   Section        0  buttons.o(i.SysTickIntHandler)
    i.SysTickPeriodSet                       0x00000d94   Section        0  systick.o(i.SysTickPeriodSet)
    i.U3Handler                              0x00000da0   Section        0  chuankou.o(i.U3Handler)
    i.U6Handler                              0x00000de8   Section        0  chuankou.o(i.U6Handler)
    i.UARTIntHandler                         0x00000e30   Section        0  chuankou.o(i.UARTIntHandler)
    i.UARTSend                               0x00000ea8   Section        0  chuankou.o(i.UARTSend)
    i.__scatterload_copy                     0x00000ed0   Section       14  handlers.o(i.__scatterload_copy)
    i.__scatterload_null                     0x00000ede   Section        2  handlers.o(i.__scatterload_null)
    i.__scatterload_zeroinit                 0x00000ee0   Section       14  handlers.o(i.__scatterload_zeroinit)
    i.adcinit                                0x00000ef0   Section        0  yaogan.o(i.adcinit)
    i.controltask                            0x00000f6c   Section        0  main.o(i.controltask)
    i.follow                                 0x00000fb4   Section        0  main.o(i.follow)
    i.getworkstate                           0x000010c4   Section        0  main.o(i.getworkstate)
    i.gyromove                               0x00001170   Section        0  main.o(i.gyromove)
    i.headprocess                            0x00001288   Section        0  main.o(i.headprocess)
    i.hextodec                               0x000013c4   Section        0  main.o(i.hextodec)
    i.instructionsget                        0x000013d4   Section        0  main.o(i.instructionsget)
    i.main                                   0x00001404   Section        0  main.o(i.main)
    i.passorders                             0x00001468   Section        0  main.o(i.passorders)
    i.pidinit                                0x0000159c   Section        0  mypid.o(i.pidinit)
    i.pidrealize                             0x000015e8   Section        0  mypid.o(i.pidrealize)
    i.pwminit                                0x00001688   Section        0  duoji.o(i.pwminit)
    i.selfadjust                             0x00001794   Section        0  main.o(i.selfadjust)
    i.uartinit                               0x00001874   Section        0  chuankou.o(i.uartinit)
    i.yaogancontrol                          0x000019cc   Section        0  main.o(i.yaogancontrol)
    .constdata                               0x00001a8c   Section      552  gpio.o(.constdata)
    g_ppui32GPIOIntMapBlizzard               0x00001a8c   Data         192  gpio.o(.constdata)
    g_ppui32GPIOIntMapSnowflake              0x00001b4c   Data         216  gpio.o(.constdata)
    g_pui32GPIOBaseAddrs                     0x00001c24   Data         144  gpio.o(.constdata)
    .constdata                               0x00001cb4   Section      268  interrupt.o(.constdata)
    g_pui32Priority                          0x00001cb4   Data          32  interrupt.o(.constdata)
    g_pui32Regs                              0x00001cd4   Data         156  interrupt.o(.constdata)
    g_pui32EnRegs                            0x00001d70   Data          20  interrupt.o(.constdata)
    g_pui32Dii16Regs                         0x00001d84   Data          20  interrupt.o(.constdata)
    g_pui32PendRegs                          0x00001d98   Data          20  interrupt.o(.constdata)
    g_pui32UnpendRegs                        0x00001dac   Data          20  interrupt.o(.constdata)
    .constdata                               0x00001dc0   Section      596  sysctl.o(.constdata)
    g_pui32VCOFrequencies                    0x00001dc0   Data           8  sysctl.o(.constdata)
    g_pui32Xtals                             0x00001dc8   Data         108  sysctl.o(.constdata)
    g_pppui32XTALtoVCO                       0x00001e34   Data         432  sysctl.o(.constdata)
    g_sXTALtoMEMTIM                          0x00001fe4   Data          48  sysctl.o(.constdata)
    .data                                    0x20000000   Section        2  chuankou.o(.data)
    .data                                    0x20000004   Section      228  main.o(.data)
    ucRxCnt                                  0x20000005   Data           1  main.o(.data)
    Cnt                                      0x20000006   Data           1  main.o(.data)
    .data                                    0x200000e8   Section        4  main.o(.data)
    .data                                    0x200000ec   Section        4  main.o(.data)
    .data                                    0x200000f0   Section        3  buttons.o(.data)
    g_ui8ButtonStates                        0x200000f0   Data           1  buttons.o(.data)
    ui8SwitchClockA                          0x200000f1   Data           1  buttons.o(.data)
    ui8SwitchClockB                          0x200000f2   Data           1  buttons.o(.data)
    .bss                                     0x200000f4   Section      660  main.o(.bss)
    ucRxBuffer                               0x200000f4   Data         250  main.o(.bss)
    Buffer                                   0x200001ee   Data         250  main.o(.bss)
    .bss                                     0x20000388   Section       12  main.o(.bss)
    .bss                                     0x20000394   Section       12  main.o(.bss)
    STACK                                    0x200003a0   Section      256  startup_rvmdk.o(STACK)
    StackMem                                 0x200003a0   Data           0  startup_rvmdk.o(STACK)

    Global Symbols

    Symbol Name                              Value     Ov Type        Size  Object(Section)

    BuildAttributes$$THM_ISAv4$E$P$D$K$B$S$7EM$VFPi3$EXTD16$VFPS$VFMA$PE$A:L22UL41UL21$X:L11$S22US41US21$IEEE1$IW$USESV6$~STKCKD$USESV7$~SHL$OTIME$EBA8$MICROLIB$REQ8$PRES8$EABIv2 0x00000000   Number         0  anon$$obj.o ABSOLUTE
    __ARM_use_no_argv                        0x00000000   Number         0  main.o ABSOLUTE
    __Vectors                                0x00000000   Data           0  startup_rvmdk.o(RESET)
    __cpp_initialize__aeabi_                  - Undefined Weak Reference
    __cxa_finalize                            - Undefined Weak Reference
    __decompress                              - Undefined Weak Reference
    _clock_init                               - Undefined Weak Reference
    _microlib_exit                            - Undefined Weak Reference
    Reset_Handler                            0x00000201   Thumb Code     0  startup_rvmdk.o(RESET)
    __main                                   0x0000021d   Thumb Code     0  entry.o(.ARM.Collect$$$$00000000)
    _main_stk                                0x0000021d   Thumb Code     0  entry2.o(.ARM.Collect$$$$00000001)
    _main_scatterload                        0x00000221   Thumb Code     0  entry5.o(.ARM.Collect$$$$00000004)
    __main_after_scatterload                 0x00000225   Thumb Code     0  entry5.o(.ARM.Collect$$$$00000004)
    _main_clock                              0x00000225   Thumb Code     0  entry7b.o(.ARM.Collect$$$$00000008)
    _main_cpp_init                           0x00000225   Thumb Code     0  entry8b.o(.ARM.Collect$$$$0000000A)
    _main_init                               0x00000225   Thumb Code     0  entry9a.o(.ARM.Collect$$$$0000000B)
    __rt_final_cpp                           0x0000022d   Thumb Code     0  entry10a.o(.ARM.Collect$$$$0000000D)
    __rt_final_exit                          0x0000022d   Thumb Code     0  entry11a.o(.ARM.Collect$$$$0000000F)
    SysCtlDelay                              0x00000231   Thumb Code     6  sysctl.o(.emb_text)
    CPUcpsid                                 0x00000239   Thumb Code     8  cpu.o(.emb_text)
    CPUprimask                               0x00000241   Thumb Code     6  cpu.o(.emb_text)
    CPUcpsie                                 0x00000247   Thumb Code     8  cpu.o(.emb_text)
    CPUwfi                                   0x0000024f   Thumb Code     4  cpu.o(.emb_text)
    CPUbasepriSet                            0x00000253   Thumb Code     6  cpu.o(.emb_text)
    CPUbasepriGet                            0x00000259   Thumb Code     6  cpu.o(.emb_text)
    __scatterload                            0x00000261   Thumb Code    28  init.o(.text)
    __scatterload_rt2                        0x00000261   Thumb Code     0  init.o(.text)
    ADC0Sequence0Isr                         0x00000285   Thumb Code    40  yaogan.o(i.ADC0Sequence0Isr)
    ADCIntClear                              0x000002b5   Thumb Code    10  adc.o(i.ADCIntClear)
    ADCIntEnable                             0x000002bf   Thumb Code    16  adc.o(i.ADCIntEnable)
    ADCProcessorTrigger                      0x000002cf   Thumb Code    26  adc.o(i.ADCProcessorTrigger)
    ADCSequenceConfigure                     0x000002e9   Thumb Code    96  adc.o(i.ADCSequenceConfigure)
    ADCSequenceDataGet                       0x00000349   Thumb Code    36  adc.o(i.ADCSequenceDataGet)
    ADCSequenceEnable                        0x0000036d   Thumb Code    14  adc.o(i.ADCSequenceEnable)
    ADCSequenceStepConfigure                 0x0000037b   Thumb Code   154  adc.o(i.ADCSequenceStepConfigure)
    ButtonsInit                              0x00000415   Thumb Code    78  buttons.o(i.ButtonsInit)
    ButtonsPoll                              0x00000475   Thumb Code    78  buttons.o(i.ButtonsPoll)
    CopeSerial2Data                          0x000004cd   Thumb Code   440  main.o(i.CopeSerial2Data)
    GPIODirModeSet                           0x0000069d   Thumb Code    40  gpio.o(i.GPIODirModeSet)
    GPIOPadConfigSet                         0x000006c5   Thumb Code   312  gpio.o(i.GPIOPadConfigSet)
    GPIOPinConfigure                         0x000007fd   Thumb Code    60  gpio.o(i.GPIOPinConfigure)
    GPIOPinTypeADC                           0x00000841   Thumb Code    28  gpio.o(i.GPIOPinTypeADC)
    GPIOPinTypePWM                           0x0000085d   Thumb Code    28  gpio.o(i.GPIOPinTypePWM)
    GPIOPinWrite                             0x00000879   Thumb Code     6  gpio.o(i.GPIOPinWrite)
    IntEnable                                0x00000881   Thumb Code    92  interrupt.o(i.IntEnable)
    IntMasterEnable                          0x000008e5   Thumb Code    14  interrupt.o(i.IntMasterEnable)
    PWMClockSet                              0x000008f3   Thumb Code    18  pwm.o(i.PWMClockSet)
    PWMGenConfigure                          0x00000905   Thumb Code    36  pwm.o(i.PWMGenConfigure)
    PWMGenEnable                             0x0000092d   Thumb Code    10  pwm.o(i.PWMGenEnable)
    PWMGenPeriodSet                          0x00000937   Thumb Code    20  pwm.o(i.PWMGenPeriodSet)
    PWMOutputState                           0x0000094b   Thumb Code    16  pwm.o(i.PWMOutputState)
    PWMPulseWidthSet                         0x0000095b   Thumb Code    30  pwm.o(i.PWMPulseWidthSet)
    SysCtlClockFreqSet                       0x00000979   Thumb Code   700  sysctl.o(i.SysCtlClockFreqSet)
    SysCtlPeripheralEnable                   0x00000c5d   Thumb Code    36  sysctl.o(i.SysCtlPeripheralEnable)
    SysTickEnable                            0x00000c85   Thumb Code    14  systick.o(i.SysTickEnable)
    SysTickIntEnable                         0x00000c93   Thumb Code    14  systick.o(i.SysTickIntEnable)
    SysTickIntHandler                        0x00000ca1   Thumb Code   204  buttons.o(i.SysTickIntHandler)
    SysTickPeriodSet                         0x00000d95   Thumb Code    10  systick.o(i.SysTickPeriodSet)
    U3Handler                                0x00000da1   Thumb Code    62  chuankou.o(i.U3Handler)
    U6Handler                                0x00000de9   Thumb Code    62  chuankou.o(i.U6Handler)
    UARTIntHandler                           0x00000e31   Thumb Code   104  chuankou.o(i.UARTIntHandler)
    UARTSend                                 0x00000ea9   Thumb Code    36  chuankou.o(i.UARTSend)
    __scatterload_copy                       0x00000ed1   Thumb Code    14  handlers.o(i.__scatterload_copy)
    __scatterload_null                       0x00000edf   Thumb Code     2  handlers.o(i.__scatterload_null)
    __scatterload_zeroinit                   0x00000ee1   Thumb Code    14  handlers.o(i.__scatterload_zeroinit)
    adcinit                                  0x00000ef1   Thumb Code   106  yaogan.o(i.adcinit)
    controltask                              0x00000f6d   Thumb Code    68  main.o(i.controltask)
    follow                                   0x00000fb5   Thumb Code   246  main.o(i.follow)
    getworkstate                             0x000010c5   Thumb Code   164  main.o(i.getworkstate)
    gyromove                                 0x00001171   Thumb Code   248  main.o(i.gyromove)
    headprocess                              0x00001289   Thumb Code   294  main.o(i.headprocess)
    hextodec                                 0x000013c5   Thumb Code    16  main.o(i.hextodec)
    instructionsget                          0x000013d5   Thumb Code    44  main.o(i.instructionsget)
    main                                     0x00001405   Thumb Code    82  main.o(i.main)
    passorders                               0x00001469   Thumb Code   288  main.o(i.passorders)
    pidinit                                  0x0000159d   Thumb Code    62  mypid.o(i.pidinit)
    pidrealize                               0x000015e9   Thumb Code   152  mypid.o(i.pidrealize)
    pwminit                                  0x00001689   Thumb Code   236  duoji.o(i.pwminit)
    selfadjust                               0x00001795   Thumb Code   190  main.o(i.selfadjust)
    uartinit                                 0x00001875   Thumb Code   282  chuankou.o(i.uartinit)
    yaogancontrol                            0x000019cd   Thumb Code   170  main.o(i.yaogancontrol)
    Region$$Table$$Base                      0x00002014   Number         0  anon$$obj.o(Region$$Table)
    Region$$Table$$Limit                     0x00002034   Number         0  anon$$obj.o(Region$$Table)
    imudata                                  0x20000000   Data           1  chuankou.o(.data)
    headdata                                 0x20000001   Data           1  chuankou.o(.data)
    insCnt                                   0x20000004   Data           1  main.o(.data)
    gv                                       0x20000008   Data           4  main.o(.data)
    sv                                       0x2000000c   Data           4  main.o(.data)
    kp                                       0x20000010   Data           4  main.o(.data)
    x                                        0x20000014   Data           4  main.o(.data)
    ready                                    0x20000018   Data           4  main.o(.data)
    sameyaw                                  0x2000001c   Data           4  main.o(.data)
    yawbias                                  0x20000020   Data           4  main.o(.data)
    jumpbias                                 0x20000024   Data           4  main.o(.data)
    pidwatch                                 0x20000028   Data           4  main.o(.data)
    shoudongflag                             0x2000002c   Data           4  main.o(.data)
    shangflag                                0x20000030   Data           4  main.o(.data)
    workstate                                0x20000034   Data           4  main.o(.data)
    laststate                                0x20000038   Data           4  main.o(.data)
    g_ui32SysClock                           0x2000003c   Data           4  main.o(.data)
    insBuffer                                0x20000040   Data           6  main.o(.data)
    pwmcalc                                  0x20000048   Data           8  main.o(.data)
    stcTime                                  0x20000050   Data           8  main.o(.data)
    stcTime1                                 0x20000058   Data           8  main.o(.data)
    stcAcc                                   0x20000060   Data           8  main.o(.data)
    stcAcc1                                  0x20000068   Data           8  main.o(.data)
    stcGyro                                  0x20000070   Data           8  main.o(.data)
    stcGyro1                                 0x20000078   Data           8  main.o(.data)
    stcAngle                                 0x20000080   Data           8  main.o(.data)
    stcAngle1                                0x20000088   Data           8  main.o(.data)
    stcMag                                   0x20000090   Data           8  main.o(.data)
    stcMag1                                  0x20000098   Data           8  main.o(.data)
    stcDStatus                               0x200000a0   Data           8  main.o(.data)
    stcDStatus1                              0x200000a8   Data           8  main.o(.data)
    stcPress                                 0x200000b0   Data           8  main.o(.data)
    stcPress1                                0x200000b8   Data           8  main.o(.data)
    stcLonLat                                0x200000c0   Data           8  main.o(.data)
    stcLonLat1                               0x200000c8   Data           8  main.o(.data)
    stcGPSV                                  0x200000d0   Data           8  main.o(.data)
    stcGPSV1                                 0x200000d8   Data           8  main.o(.data)
    pui32ADC0Value                           0x200000e0   Data           8  main.o(.data)
    stablecnt                                0x200000e8   Data           4  main.o(.data)
    tmcount                                  0x200000ec   Data           4  main.o(.data)
    imua                                     0x200002e8   Data          12  main.o(.bss)
    imuw                                     0x200002f4   Data          12  main.o(.bss)
    imuangle                                 0x20000300   Data          12  main.o(.bss)
    refangle                                 0x2000030c   Data          12  main.o(.bss)
    oriangle                                 0x20000318   Data          12  main.o(.bss)
    headangle                                0x20000324   Data          12  main.o(.bss)
    pitchpid                                 0x20000330   Data          44  main.o(.bss)
    yawpid                                   0x2000035c   Data          44  main.o(.bss)
    lastangle                                0x20000388   Data          12  main.o(.bss)
    lastheadangle                            0x20000394   Data          12  main.o(.bss)
    __initial_sp                             0x200004a0   Data           0  startup_rvmdk.o(STACK)



==============================================================================

Memory Map of the image

  Image Entry point : 0x00000201

  Load Region LR_IROM (Base: 0x00000000, Size: 0x00002128, Max: 0x00100000, ABSOLUTE)

    Execution Region ER_IROM (Base: 0x00000000, Size: 0x00002034, Max: 0x00100000, ABSOLUTE)

    Base Addr    Size         Type   Attr      Idx    E Section Name        Object

    0x00000000   0x0000021c   Code   RO            3  * RESET               startup_rvmdk.o
    0x0000021c   0x00000000   Code   RO         2016  * .ARM.Collect$$$$00000000  mc_w.l(entry.o)
    0x0000021c   0x00000004   Code   RO         2019    .ARM.Collect$$$$00000001  mc_w.l(entry2.o)
    0x00000220   0x00000004   Code   RO         2022    .ARM.Collect$$$$00000004  mc_w.l(entry5.o)
    0x00000224   0x00000000   Code   RO         2024    .ARM.Collect$$$$00000008  mc_w.l(entry7b.o)
    0x00000224   0x00000000   Code   RO         2026    .ARM.Collect$$$$0000000A  mc_w.l(entry8b.o)
    0x00000224   0x00000008   Code   RO         2027    .ARM.Collect$$$$0000000B  mc_w.l(entry9a.o)
    0x0000022c   0x00000000   Code   RO         2029    .ARM.Collect$$$$0000000D  mc_w.l(entry10a.o)
    0x0000022c   0x00000000   Code   RO         2031    .ARM.Collect$$$$0000000F  mc_w.l(entry11a.o)
    0x0000022c   0x00000004   Code   RO         2020    .ARM.Collect$$$$00002712  mc_w.l(entry2.o)
    0x00000230   0x00000006   Code   RO         1595    .emb_text           driverlib.lib(sysctl.o)
    0x00000236   0x00000002   PAD
    0x00000238   0x00000026   Code   RO         2006    .emb_text           driverlib.lib(cpu.o)
    0x0000025e   0x00000002   PAD
    0x00000260   0x00000024   Code   RO         2033    .text               mc_w.l(init.o)
    0x00000284   0x00000030   Code   RO          229    i.ADC0Sequence0Isr  yaogan.o
    0x000002b4   0x0000000a   Code   RO          905    i.ADCIntClear       driverlib.lib(adc.o)
    0x000002be   0x00000010   Code   RO          909    i.ADCIntEnable      driverlib.lib(adc.o)
    0x000002ce   0x0000001a   Code   RO          917    i.ADCProcessorTrigger  driverlib.lib(adc.o)
    0x000002e8   0x00000060   Code   RO          920    i.ADCSequenceConfigure  driverlib.lib(adc.o)
    0x00000348   0x00000024   Code   RO          923    i.ADCSequenceDataGet  driverlib.lib(adc.o)
    0x0000036c   0x0000000e   Code   RO          925    i.ADCSequenceEnable  driverlib.lib(adc.o)
    0x0000037a   0x0000009a   Code   RO          928    i.ADCSequenceStepConfigure  driverlib.lib(adc.o)
    0x00000414   0x00000060   Code   RO          257    i.ButtonsInit       buttons.o
    0x00000474   0x00000058   Code   RO          258    i.ButtonsPoll       buttons.o
    0x000004cc   0x000001d0   Code   RO          104    i.CopeSerial2Data   main.o
    0x0000069c   0x00000028   Code   RO         1177    i.GPIODirModeSet    driverlib.lib(gpio.o)
    0x000006c4   0x00000138   Code   RO         1189    i.GPIOPadConfigSet  driverlib.lib(gpio.o)
    0x000007fc   0x00000044   Code   RO         1190    i.GPIOPinConfigure  driverlib.lib(gpio.o)
    0x00000840   0x0000001c   Code   RO         1192    i.GPIOPinTypeADC    driverlib.lib(gpio.o)
    0x0000085c   0x0000001c   Code   RO         1208    i.GPIOPinTypePWM    driverlib.lib(gpio.o)
    0x00000878   0x00000006   Code   RO         1219    i.GPIOPinWrite      driverlib.lib(gpio.o)
    0x0000087e   0x00000002   PAD
    0x00000880   0x00000064   Code   RO         1480    i.IntEnable         driverlib.lib(interrupt.o)
    0x000008e4   0x0000000e   Code   RO         1483    i.IntMasterEnable   driverlib.lib(interrupt.o)
    0x000008f2   0x00000012   Code   RO          657    i.PWMClockSet       pwm.o
    0x00000904   0x00000028   Code   RO          664    i.PWMGenConfigure   pwm.o
    0x0000092c   0x0000000a   Code   RO          666    i.PWMGenEnable      pwm.o
    0x00000936   0x00000014   Code   RO          679    i.PWMGenPeriodSet   pwm.o
    0x0000094a   0x00000010   Code   RO          686    i.PWMOutputState    pwm.o
    0x0000095a   0x0000001e   Code   RO          689    i.PWMPulseWidthSet  pwm.o
    0x00000978   0x000002e4   Code   RO         1597    i.SysCtlClockFreqSet  driverlib.lib(sysctl.o)
    0x00000c5c   0x00000028   Code   RO         1629    i.SysCtlPeripheralEnable  driverlib.lib(sysctl.o)
    0x00000c84   0x0000000e   Code   RO         1944    i.SysTickEnable     driverlib.lib(systick.o)
    0x00000c92   0x0000000e   Code   RO         1946    i.SysTickIntEnable  driverlib.lib(systick.o)
    0x00000ca0   0x000000f4   Code   RO          259    i.SysTickIntHandler  buttons.o
    0x00000d94   0x0000000a   Code   RO         1950    i.SysTickPeriodSet  driverlib.lib(systick.o)
    0x00000d9e   0x00000002   PAD
    0x00000da0   0x00000048   Code   RO            9    i.U3Handler         chuankou.o
    0x00000de8   0x00000048   Code   RO           10    i.U6Handler         chuankou.o
    0x00000e30   0x00000078   Code   RO           11    i.UARTIntHandler    chuankou.o
    0x00000ea8   0x00000028   Code   RO           12    i.UARTSend          chuankou.o
    0x00000ed0   0x0000000e   Code   RO         2037    i.__scatterload_copy  mc_w.l(handlers.o)
    0x00000ede   0x00000002   Code   RO         2038    i.__scatterload_null  mc_w.l(handlers.o)
    0x00000ee0   0x0000000e   Code   RO         2039    i.__scatterload_zeroinit  mc_w.l(handlers.o)
    0x00000eee   0x00000002   PAD
    0x00000ef0   0x0000007c   Code   RO          230    i.adcinit           yaogan.o
    0x00000f6c   0x00000048   Code   RO          105    i.controltask       main.o
    0x00000fb4   0x00000110   Code   RO          106    i.follow            main.o
    0x000010c4   0x000000ac   Code   RO          107    i.getworkstate      main.o
    0x00001170   0x00000118   Code   RO          108    i.gyromove          main.o
    0x00001288   0x0000013c   Code   RO          109    i.headprocess       main.o
    0x000013c4   0x00000010   Code   RO          110    i.hextodec          main.o
    0x000013d4   0x00000030   Code   RO          111    i.instructionsget   main.o
    0x00001404   0x00000064   Code   RO          112    i.main              main.o
    0x00001468   0x00000134   Code   RO          113    i.passorders        main.o
    0x0000159c   0x0000004c   Code   RO          320    i.pidinit           mypid.o
    0x000015e8   0x000000a0   Code   RO          321    i.pidrealize        mypid.o
    0x00001688   0x0000010c   Code   RO          217    i.pwminit           duoji.o
    0x00001794   0x000000e0   Code   RO          114    i.selfadjust        main.o
    0x00001874   0x00000158   Code   RO           13    i.uartinit          chuankou.o
    0x000019cc   0x000000c0   Code   RO          115    i.yaogancontrol     main.o
    0x00001a8c   0x00000228   Data   RO         1221    .constdata          driverlib.lib(gpio.o)
    0x00001cb4   0x0000010c   Data   RO         1496    .constdata          driverlib.lib(interrupt.o)
    0x00001dc0   0x00000254   Data   RO         1651    .constdata          driverlib.lib(sysctl.o)
    0x00002014   0x00000020   Data   RO         2035    Region$$Table       anon$$obj.o


    Execution Region RW_IRAM (Base: 0x20000000, Size: 0x000004a0, Max: 0x00040000, ABSOLUTE)

    Base Addr    Size         Type   Attr      Idx    E Section Name        Object

    0x20000000   0x00000002   Data   RW           14    .data               chuankou.o
    0x20000002   0x00000002   PAD
    0x20000004   0x000000e4   Data   RW          122    .data               main.o
    0x200000e8   0x00000004   Data   RW          126    .data               main.o
    0x200000ec   0x00000004   Data   RW          128    .data               main.o
    0x200000f0   0x00000003   Data   RW          260    .data               buttons.o
    0x200000f3   0x00000001   PAD
    0x200000f4   0x00000294   Zero   RW          116    .bss                main.o
    0x20000388   0x0000000c   Zero   RW          117    .bss                main.o
    0x20000394   0x0000000c   Zero   RW          118    .bss                main.o
    0x200003a0   0x00000100   Zero   RW            1    STACK               startup_rvmdk.o


==============================================================================

Image component sizes


      Code (inc. data)   RO Data    RW Data    ZI Data      Debug   Object Name

       428         68          0          3          0       3085   buttons.o
       648        102          0          2          0       7845   chuankou.o
       268         32          0          0          0        606   duoji.o
      2464        234          0        236        684      12603   main.o
       236         22          0          0          0       1323   mypid.o
       134          4          0          0          0       3457   pwm.o
       540        514          0          0        256        268   startup_rvmdk.o
       172         26          0          0          0       1001   yaogan.o

    ----------------------------------------------------------------------
      4890       1002         32        244        940      30188   Object Totals
         0          0         32          0          0          0   (incl. Generated)
         0          0          0          3          0          0   (incl. Padding)

    ----------------------------------------------------------------------

      Code (inc. data)   RO Data    RW Data    ZI Data      Debug   Library Member Name

       352          0          0          0          0       8042   adc.o
        38          0          0          0          0        572   cpu.o
       482          8        552          0          0       4600   gpio.o
       114          8        268          0          0       2042   interrupt.o
       786         44        596          0          0       4346   sysctl.o
        38          0          0          0          0       1410   systick.o
         0          0          0          0          0          0   entry.o
         0          0          0          0          0          0   entry10a.o
         0          0          0          0          0          0   entry11a.o
         8          4          0          0          0          0   entry2.o
         4          0          0          0          0          0   entry5.o
         0          0          0          0          0          0   entry7b.o
         0          0          0          0          0          0   entry8b.o
         8          4          0          0          0          0   entry9a.o
        30          0          0          0          0          0   handlers.o
        36          8          0          0          0         68   init.o

    ----------------------------------------------------------------------
      1906         76       1416          0          0      21080   Library Totals
        10          0          0          0          0          0   (incl. Padding)

    ----------------------------------------------------------------------

      Code (inc. data)   RO Data    RW Data    ZI Data      Debug   Library Name

      1810         60       1416          0          0      21012   driverlib.lib
        86         16          0          0          0         68   mc_w.l

    ----------------------------------------------------------------------
      1906         76       1416          0          0      21080   Library Totals

    ----------------------------------------------------------------------

==============================================================================


      Code (inc. data)   RO Data    RW Data    ZI Data      Debug   

      6796       1078       1448        244        940      47072   Grand Totals
      6796       1078       1448        244        940      47072   ELF Image Totals
      6796       1078       1448        244          0          0   ROM Totals

==============================================================================

    Total RO  Size (Code + RO Data)                 8244 (   8.05kB)
    Total RW  Size (RW Data + ZI Data)              1184 (   1.16kB)
    Total ROM Size (Code + RO Data + RW Data)       8488 (   8.29kB)

==============================================================================

