<html>
<body>
<pre>
<h1>µVision Build Log</h1>
<h2>Tool Versions:</h2>
IDE-Version: ¦ÌVision V5.21.1.0
Copyright (C) 2016 ARM Ltd and ARM Germany GmbH. All rights reserved.
License Information: 22 2, 2, LIC=V8574-FX1HY-WJD6K-ZW231-GH9ED-JW8K9
 
Tool Versions:
Toolchain:       MDK-ARM Professional  Version: 5.21a
Toolchain Path:  H:\MDK5\ARM\ARMCC\Bin
C Compiler:      Armcc.exe V5.06 update 3 (build 300)
Assembler:       Armasm.exe V5.06 update 3 (build 300)
Linker/Locator:  ArmLink.exe V5.06 update 3 (build 300)
Library Manager: ArmAr.exe V5.06 update 3 (build 300)
Hex Converter:   FromElf.exe V5.06 update 3 (build 300)
CPU DLL:         SARMCM3.DLL V5.21a
Dialog DLL:      DCM.DLL V1.13.8.0
Target DLL:      lmidk-agdi.dll V???
Dialog DLL:      TCM.DLL V1.14.14.0
 
<h2>Project:</h2>
H:\msp430\TI±­´úÂë\final\11BEGIN\11BEGIN\00BEGIN.uvprojx
Project File Date:  05/23/2018

<h2>Output:</h2>
*** Using Compiler 'V5.06 update 3 (build 300)', folder: 'H:\MDK5\ARM\ARMCC\Bin'
Build target 'uart_echo'
assembling startup_rvmdk.S...
compiling chuankou.c...
compiling main.c...
compiling duoji.c...
compiling yaogan.c...
compiling ramp.c...
ramp.c(26): warning:  #1-D: last line of file ends without a newline
  }
ramp.c: 1 warning, 0 errors
compiling buttons.c...
compiling mypid.c...
compiling uart.c...
compiling pwm.c...
linking...
Program Size: Code=6796 RO-data=1448 RW-data=244 ZI-data=940  
FromELF: creating hex file...
After Build - User command #1: fromelf --bin --output .\rvmdk\uart_echo.bin .\rvmdk\uart_echo.axf
".\rvmdk\uart_echo.axf" - 0 Error(s), 1 Warning(s).

<h2>Software Packages used:</h2>

Package Vendor: ARM
                http://www.keil.com/pack/ARM.CMSIS.4.5.0.pack
                ARM::CMSIS:CORE:4.3.0
                CMSIS (Cortex Microcontroller Software Interface Standard)
   * Component: CORE Version: 4.3.0

<h2>Collection of Component include folders:</h2>
  H:\msp430\TI±­´úÂë\final\11BEGIN\11BEGIN\RTE
  H:\MDK5\ARM\PACK\ARM\CMSIS\4.5.0\CMSIS\Include
  H:\MDK5\ARM\PACK\Keil\TM4C_DFP\1.1.0\Device\Include\TM4C129

<h2>Collection of Component Files used:</h2>

   * Component: ARM::CMSIS:CORE:4.3.0
Build Time Elapsed:  00:00:03
</pre>
</body>
</html>
